
> smart-rent-fe@0.1.0 build
> next build

   ▲ Next.js 15.4.5
   - Environments: .env

   Linting and checking validity of types ...

./src/components/molecules/createPostModules/formSectionsModule.tsx
12:36  Warning: Unexpected any. Specify a different type.  @typescript-eslint/no-explicit-any

./src/components/molecules/userDropdown/index.constants.tsx
28:33  Warning: Unexpected any. Specify a different type.  @typescript-eslint/no-explicit-any

./src/components/molecules/utilitiesStructureForm/index.tsx
86:63  Warning: Unexpected any. Specify a different type.  @typescript-eslint/no-explicit-any
107:69  Warning: Unexpected any. Specify a different type.  @typescript-eslint/no-explicit-any
128:66  Warning: Unexpected any. Specify a different type.  @typescript-eslint/no-explicit-any
159:67  Warning: Unexpected any. Specify a different type.  @typescript-eslint/no-explicit-any
179:69  Warning: Unexpected any. Specify a different type.  @typescript-eslint/no-explicit-any

info  - Need to disable some ESLint rules? Learn more here: https://nextjs.org/docs/app/api-reference/config/eslint#disabling-rules
   Creating an optimized production build ...
 ✓ Compiled successfully in 6.0s
   Collecting page data ...
env: http://localhost:3000/auth/callback/google
env: http://localhost:3000/auth/callback/google
env: http://localhost:3000/auth/callback/google
env: http://localhost:3000/auth/callback/google
env: http://localhost:3000/auth/callback/google
env: http://localhost:3000/auth/callback/google
env: http://localhost:3000/auth/callback/google
env: http://localhost:3000/auth/callback/google
env: http://localhost:3000/auth/callback/google
env: http://localhost:3000/auth/callback/google
env: http://localhost:3000/auth/callback/google
   Generating static pages (0/10) ...
env: http://localhost:3000/auth/callback/google
   Generating static pages (2/10) 
   Generating static pages (4/10) 
   Generating static pages (7/10) 
 ✓ Generating static pages (10/10)
   Finalizing page optimization ...
   Collecting build traces ...

Route (pages)                                 Size  First Load JS
┌ ƒ /                                      6.52 kB         369 kB
├   /_app                                      0 B         195 kB
├ ○ /404                                     182 B         195 kB
├ ○ /apartment-detail/[...slug] (606 ms)    119 kB         442 kB
├ ○ /auth/callback/google (608 ms)         2.69 kB         198 kB
├ ● /properties/[...slug]                  5.64 kB         357 kB
├ ○ /seller/account (607 ms)               3.36 kB         214 kB
├ ○ /seller/create-post (606 ms)           35.5 kB         408 kB
├ ○ /seller/customers (606 ms)             15.2 kB         254 kB
├ ○ /seller/dashboard (606 ms)             3.36 kB         214 kB
├ ○ /seller/listings (606 ms)              18.4 kB         333 kB
├ ƒ /sellernet/membership/register         11.1 kB         272 kB
└ ○ /sellernet/personal/edit (606 ms)      31.4 kB         290 kB
+ First Load JS shared by all               219 kB
  ├ chunks/framework-65ef2e26b6c3f974.js   57.7 kB
  ├ chunks/main-7c37568a8d1e4222.js        33.6 kB
  ├ chunks/pages/_app-400b0f566b790aad.js   101 kB
  ├ css/a59671136ea81992.css               24.5 kB
  └ other shared chunks (total)            1.96 kB

○  (Static)   prerendered as static content
●  (SSG)      prerendered as static HTML (uses getStaticProps)
ƒ  (Dynamic)  server-rendered on demand

